../Core/Src/main.c:115:5:main	8	static
../Core/Src/main.c:187:6:SystemClock_Config	88	static
../Core/Src/main.c:235:13:MX_ADC1_Init	24	static
../Core/Src/main.c:287:13:MX_DAC_Init	16	static
../Core/Src/main.c:327:13:MX_TIM2_Init	32	static
../Core/Src/main.c:372:13:MX_USART1_UART_Init	8	static
../Core/Src/main.c:405:13:MX_USART2_UART_Init	8	static
../Core/Src/main.c:436:13:MX_DMA_Init	16	static
../Core/Src/main.c:457:13:MX_GPIO_Init	24	static
../Core/Src/main.c:479:6:HAL_TIM_PeriodElapsedCallback	16	static
../Core/Src/main.c:510:6:HAL_ADC_ConvHalfCpltCallback	16	static
../Core/Src/main.c:514:6:HAL_ADC_ConvCpltCallback	16	static
../Core/Src/main.c:523:6:Error_Handler	4	static,ignoring_inline_asm
